Opening http://localhost:8001/

== JSON source ==
  [PASS] schedule JSON loads - {'ok': True, 'schema': 'aop-event-schedule-v1', 'session_count': 13, 'location_tags': ['#night-checkpoint', '#north-technical', '#observed-finish', '#observed-trailhead', '#pavilion', '#photo-waypoint', '#proving-grounds'], 'route_count': 4, 'sessions_have_coordinates': False, 'pavilion_has_json_coordinates': True, 'pavilion_coordinates': [-85.7482512, 35.0907264], 'pavilion_alias': None, 'g6': {'id': 'sat-g6-cove-rally', 'title': 'G6 Cove Rally stages', 'status': 'proposed', 'activity': {'key': 'g6_cove_rally', 'kind': 'activity', 'name': 'G6 Cove Rally stages'}, 'date_label': 'Saturday', 'route_tags': ['#observed-trailhead', '#north-technical'], 'sort_order': 120, 'time_label': 'Morning to mid-day', 'inspired_by': ['Recon G6 stage rally', 'RG6 stages open', 'AxialFest RECON G6 trail'], 'start_local': '09:00', 'location_tag': '#observed-trailhead'}}
  [PASS] schema is event schedule v1 - {'ok': True, 'schema': 'aop-event-schedule-v1', 'session_count': 13, 'location_tags': ['#night-checkpoint', '#north-technical', '#observed-finish', '#observed-trailhead', '#pavilion', '#photo-waypoint', '#proving-grounds'], 'route_count': 4, 'sessions_have_coordinates': False, 'pavilion_has_json_coordinates': True, 'pavilion_coordinates': [-85.7482512, 35.0907264], 'pavilion_alias': None, 'g6': {'id': 'sat-g6-cove-rally', 'title': 'G6 Cove Rally stages', 'status': 'proposed', 'activity': {'key': 'g6_cove_rally', 'kind': 'activity', 'name': 'G6 Cove Rally stages'}, 'date_label': 'Saturday', 'route_tags': ['#observed-trailhead', '#north-technical'], 'sort_order': 120, 'time_label': 'Morning to mid-day', 'inspired_by': ['Recon G6 stage rally', 'RG6 stages open', 'AxialFest RECON G6 trail'], 'start_local': '09:00', 'location_tag': '#observed-trailhead'}}
  [PASS] thirteen editable session rows - {'ok': True, 'schema': 'aop-event-schedule-v1', 'session_count': 13, 'location_tags': ['#night-checkpoint', '#north-technical', '#observed-finish', '#observed-trailhead', '#pavilion', '#photo-waypoint', '#proving-grounds'], 'route_count': 4, 'sessions_have_coordinates': False, 'pavilion_has_json_coordinates': True, 'pavilion_coordinates': [-85.7482512, 35.0907264], 'pavilion_alias': None, 'g6': {'id': 'sat-g6-cove-rally', 'title': 'G6 Cove Rally stages', 'status': 'proposed', 'activity': {'key': 'g6_cove_rally', 'kind': 'activity', 'name': 'G6 Cove Rally stages'}, 'date_label': 'Saturday', 'route_tags': ['#observed-trailhead', '#north-technical'], 'sort_order': 120, 'time_label': 'Morning to mid-day', 'inspired_by': ['Recon G6 stage rally', 'RG6 stages open', 'AxialFest RECON G6 trail'], 'start_local': '09:00', 'location_tag': '#observed-trailhead'}}
  [PASS] sessions reference tags, not coordinates - {'ok': True, 'schema': 'aop-event-schedule-v1', 'session_count': 13, 'location_tags': ['#night-checkpoint', '#north-technical', '#observed-finish', '#observed-trailhead', '#pavilion', '#photo-waypoint', '#proving-grounds'], 'route_count': 4, 'sessions_have_coordinates': False, 'pavilion_has_json_coordinates': True, 'pavilion_coordinates': [-85.7482512, 35.0907264], 'pavilion_alias': None, 'g6': {'id': 'sat-g6-cove-rally', 'title': 'G6 Cove Rally stages', 'status': 'proposed', 'activity': {'key': 'g6_cove_rally', 'kind': 'activity', 'name': 'G6 Cove Rally stages'}, 'date_label': 'Saturday', 'route_tags': ['#observed-trailhead', '#north-technical'], 'sort_order': 120, 'time_label': 'Morning to mid-day', 'inspired_by': ['Recon G6 stage rally', 'RG6 stages open', 'AxialFest RECON G6 trail'], 'start_local': '09:00', 'location_tag': '#observed-trailhead'}}
  [PASS] #pavilion location now carries baked JSON coordinates - {'ok': True, 'schema': 'aop-event-schedule-v1', 'session_count': 13, 'location_tags': ['#night-checkpoint', '#north-technical', '#observed-finish', '#observed-trailhead', '#pavilion', '#photo-waypoint', '#proving-grounds'], 'route_count': 4, 'sessions_have_coordinates': False, 'pavilion_has_json_coordinates': True, 'pavilion_coordinates': [-85.7482512, 35.0907264], 'pavilion_alias': None, 'g6': {'id': 'sat-g6-cove-rally', 'title': 'G6 Cove Rally stages', 'status': 'proposed', 'activity': {'key': 'g6_cove_rally', 'kind': 'activity', 'name': 'G6 Cove Rally stages'}, 'date_label': 'Saturday', 'route_tags': ['#observed-trailhead', '#north-technical'], 'sort_order': 120, 'time_label': 'Morning to mid-day', 'inspired_by': ['Recon G6 stage rally', 'RG6 stages open', 'AxialFest RECON G6 trail'], 'start_local': '09:00', 'location_tag': '#observed-trailhead'}}
  [PASS] #pavilion baked coordinates are the pavilion point - [-85.7482512, 35.0907264]
  [PASS] #pavilion tag is present - ['#night-checkpoint', '#north-technical', '#observed-finish', '#observed-trailhead', '#pavilion', '#photo-waypoint', '#proving-grounds']
  [PASS] no spurious #pavillion alias entry in the baked file - {'ok': True, 'schema': 'aop-event-schedule-v1', 'session_count': 13, 'location_tags': ['#night-checkpoint', '#north-technical', '#observed-finish', '#observed-trailhead', '#pavilion', '#photo-waypoint', '#proving-grounds'], 'route_count': 4, 'sessions_have_coordinates': False, 'pavilion_has_json_coordinates': True, 'pavilion_coordinates': [-85.7482512, 35.0907264], 'pavilion_alias': None, 'g6': {'id': 'sat-g6-cove-rally', 'title': 'G6 Cove Rally stages', 'status': 'proposed', 'activity': {'key': 'g6_cove_rally', 'kind': 'activity', 'name': 'G6 Cove Rally stages'}, 'date_label': 'Saturday', 'route_tags': ['#observed-trailhead', '#north-technical'], 'sort_order': 120, 'time_label': 'Morning to mid-day', 'inspired_by': ['Recon G6 stage rally', 'RG6 stages open', 'AxialFest RECON G6 trail'], 'start_local': '09:00', 'location_tag': '#observed-trailhead'}}
  [PASS] G6 row references location and route tags - {'id': 'sat-g6-cove-rally', 'title': 'G6 Cove Rally stages', 'status': 'proposed', 'activity': {'key': 'g6_cove_rally', 'kind': 'activity', 'name': 'G6 Cove Rally stages'}, 'date_label': 'Saturday', 'route_tags': ['#observed-trailhead', '#north-technical'], 'sort_order': 120, 'time_label': 'Morning to mid-day', 'inspired_by': ['Recon G6 stage rally', 'RG6 stages open', 'AxialFest RECON G6 trail'], 'start_local': '09:00', 'location_tag': '#observed-trailhead'}

== Sidebar initial state ==
  [PASS] calendar renders all JSON sessions - ['Fri5:00 PM · EveningRegistration + wristband check#pavilion - AOP Pavilion / G-Central', 'Fri6:30 PM · EveningDriver meeting + map review#pavilion - AOP Pavilion / G-Central', 'Fri8:30 PM · NightPoker Run / Campfire Story Night Crawl#observed-trailhead - Observed Trailhead — segment 2', 'Sat8:00 AM · MorningLate registration + tech check#pavilion - AOP Pavilion / G-Central', 'Sat8:30 AM · MorningShow & Shine: The Advance Party#pavilion - AOP Pavilion / G-Central', 'Sat9:00 AM · Morning to mid-dayG6 Cove Rally stages#observed-trailhead - Observed Trailhead — segment 2', 'Sat1:30 PM · AfternoonProving Grounds / comp gates#proving-grounds - Proving Grounds candidate', 'Sat3:00 PM · AfternoonKing of the Hill / technical crawl#north-technical - North Technical Hotspot', 'Sat6:00 PM · EveningAwards + raffle + food#pavilion - AOP Pavilion / G-Central', 'Sat8:30 PM · NightInto the Night Crawl#observed-trailhead - Observed Trailhead — segment 2', 'Sun8:00 AM · MorningCoffee, cleanup, map feedback board#pavilion - AOP Pavilion / G-Central', 'Sun10:00 AM · Morning to mid-daySunday Funday short loop / photo scavenge#pavilion - AOP Pavilion / G-Central', 'Sun5:00 PM · Late afternoonFinal check-out#pavilion - AOP Pavilion / G-Central']
  [PASS] calendar rows show location tags - ['Fri5:00 PM · EveningRegistration + wristband check#pavilion - AOP Pavilion / G-Central', 'Fri6:30 PM · EveningDriver meeting + map review#pavilion - AOP Pavilion / G-Central', 'Fri8:30 PM · NightPoker Run / Campfire Story Night Crawl#observed-trailhead - Observed Trailhead — segment 2', 'Sat8:00 AM · MorningLate registration + tech check#pavilion - AOP Pavilion / G-Central', 'Sat8:30 AM · MorningShow & Shine: The Advance Party#pavilion - AOP Pavilion / G-Central', 'Sat9:00 AM · Morning to mid-dayG6 Cove Rally stages#observed-trailhead - Observed Trailhead — segment 2', 'Sat1:30 PM · AfternoonProving Grounds / comp gates#proving-grounds - Proving Grounds candidate', 'Sat3:00 PM · AfternoonKing of the Hill / technical crawl#north-technical - North Technical Hotspot', 'Sat6:00 PM · EveningAwards + raffle + food#pavilion - AOP Pavilion / G-Central', 'Sat8:30 PM · NightInto the Night Crawl#observed-trailhead - Observed Trailhead — segment 2', 'Sun8:00 AM · MorningCoffee, cleanup, map feedback board#pavilion - AOP Pavilion / G-Central', 'Sun10:00 AM · Morning to mid-daySunday Funday short loop / photo scavenge#pavilion - AOP Pavilion / G-Central', 'Sun5:00 PM · Late afternoonFinal check-out#pavilion - AOP Pavilion / G-Central']
  [PASS] Show & Shine schedule row is present - ['Fri5:00 PM · EveningRegistration + wristband check#pavilion - AOP Pavilion / G-Central', 'Fri6:30 PM · EveningDriver meeting + map review#pavilion - AOP Pavilion / G-Central', 'Fri8:30 PM · NightPoker Run / Campfire Story Night Crawl#observed-trailhead - Observed Trailhead — segment 2', 'Sat8:00 AM · MorningLate registration + tech check#pavilion - AOP Pavilion / G-Central', 'Sat8:30 AM · MorningShow & Shine: The Advance Party#pavilion - AOP Pavilion / G-Central', 'Sat9:00 AM · Morning to mid-dayG6 Cove Rally stages#observed-trailhead - Observed Trailhead — segment 2', 'Sat1:30 PM · AfternoonProving Grounds / comp gates#proving-grounds - Proving Grounds candidate', 'Sat3:00 PM · AfternoonKing of the Hill / technical crawl#north-technical - North Technical Hotspot', 'Sat6:00 PM · EveningAwards + raffle + food#pavilion - AOP Pavilion / G-Central', 'Sat8:30 PM · NightInto the Night Crawl#observed-trailhead - Observed Trailhead — segment 2', 'Sun8:00 AM · MorningCoffee, cleanup, map feedback board#pavilion - AOP Pavilion / G-Central', 'Sun10:00 AM · Morning to mid-daySunday Funday short loop / photo scavenge#pavilion - AOP Pavilion / G-Central', 'Sun5:00 PM · Late afternoonFinal check-out#pavilion - AOP Pavilion / G-Central']
  [PASS] G6 schedule row is present - ['Fri5:00 PM · EveningRegistration + wristband check#pavilion - AOP Pavilion / G-Central', 'Fri6:30 PM · EveningDriver meeting + map review#pavilion - AOP Pavilion / G-Central', 'Fri8:30 PM · NightPoker Run / Campfire Story Night Crawl#observed-trailhead - Observed Trailhead — segment 2', 'Sat8:00 AM · MorningLate registration + tech check#pavilion - AOP Pavilion / G-Central', 'Sat8:30 AM · MorningShow & Shine: The Advance Party#pavilion - AOP Pavilion / G-Central', 'Sat9:00 AM · Morning to mid-dayG6 Cove Rally stages#observed-trailhead - Observed Trailhead — segment 2', 'Sat1:30 PM · AfternoonProving Grounds / comp gates#proving-grounds - Proving Grounds candidate', 'Sat3:00 PM · AfternoonKing of the Hill / technical crawl#north-technical - North Technical Hotspot', 'Sat6:00 PM · EveningAwards + raffle + food#pavilion - AOP Pavilion / G-Central', 'Sat8:30 PM · NightInto the Night Crawl#observed-trailhead - Observed Trailhead — segment 2', 'Sun8:00 AM · MorningCoffee, cleanup, map feedback board#pavilion - AOP Pavilion / G-Central', 'Sun10:00 AM · Morning to mid-daySunday Funday short loop / photo scavenge#pavilion - AOP Pavilion / G-Central', 'Sun5:00 PM · Late afternoonFinal check-out#pavilion - AOP Pavilion / G-Central']
  [PASS] event overlay toggle starts off
  [PASS] event-session-routes hidden
  [PASS] event-route-labels hidden
  [PASS] event-anchor-points hidden
  [PASS] event-anchor-labels hidden

== Schedule row jump ==
  [PASS] row click turns event overlay on
  [PASS] event-session-routes visible
  [PASS] event-route-labels visible
  [PASS] event-anchor-points visible
  [PASS] event-anchor-labels visible
  [PASS] clicked row is active
  [PASS] event route renders after jump - 9 rendered route features
  [PASS] popup shows session and tag - G6 Cove Rally stages
Date: Saturday
Time: 9:00 AM · Morning to mid-day
Location: Observed Trailhead — segment 2
Tag: #observed-trailhead
Route: #observed-trailhead, #north-technical
Status: proposed
Inspired by: Recon G6 stage rally, RG6 stages open, AxialFest RECON G6 trail
Caveat: Observed trail evidence, not official AOP trail authority.
×
  [PASS] closing popup clears clicked row active state

== Toggle OFF ==
  [PASS] event-session-routes hidden again
  [PASS] event-route-labels hidden again
  [PASS] event-anchor-points hidden again
  [PASS] event-anchor-labels hidden again

== Narrow viewport popup placement ==
  [PASS] narrow viewport popup exists - {'ok': True, 'popup': {'top': 14, 'bottom': 274, 'left': 386, 'right': 666}, 'vis': {'top': 0, 'bottom': 640, 'left': 372, 'right': 956}, 'container': {'top': 0, 'bottom': 640, 'left': 0, 'right': 1024}}
  [PASS] popup top is below left-controls strip - popup.top=14.0 vis.top=0.0
  [PASS] popup bottom is above message bar - popup.bottom=274.0 vis.bottom=640.0
  [PASS] popup left is right of left-controls - popup.left=386.0 vis.left=372.0
  [PASS] popup right is left of layer panel - popup.right=666.0 vis.right=956.0

== Search magnifier icon (B2) ==
  [PASS] search magnifier icon present - {'ok': True, 'width': 15, 'height': 15, 'left_of_input_edge': True, 'inside_input_bounds': True}
  [PASS] icon has non-zero size - {'ok': True, 'width': 15, 'height': 15, 'left_of_input_edge': True, 'inside_input_bounds': True}
  [PASS] icon sits at the left edge of the input - {'ok': True, 'width': 15, 'height': 15, 'left_of_input_edge': True, 'inside_input_bounds': True}
  [PASS] icon is vertically inside the input - {'ok': True, 'width': 15, 'height': 15, 'left_of_input_edge': True, 'inside_input_bounds': True}

== Calendar time labels ==
  [PASS] every calendar row has a time label - {'total': 13, 'non_empty': 13}

== Calendar title + resize handle ==
  [PASS] calendar no longer auto-collapses on narrow viewport - {'has_collapsed': False, 'title_tag': 'DIV', 'has_chevron': False, 'handle_count': 1, 'body_height': 160, 'stored': None}
  [PASS] calendar title row is static, not a button - {'has_collapsed': False, 'title_tag': 'DIV', 'has_chevron': False, 'handle_count': 1, 'body_height': 160, 'stored': None}
  [PASS] calendar header chevron is removed - {'has_collapsed': False, 'title_tag': 'DIV', 'has_chevron': False, 'handle_count': 1, 'body_height': 160, 'stored': None}
  [PASS] calendar resize handle exists - {'has_collapsed': False, 'title_tag': 'DIV', 'has_chevron': False, 'handle_count': 1, 'body_height': 160, 'stored': None}
  [PASS] calendar height does not persist by itself - {'has_collapsed': False, 'title_tag': 'DIV', 'has_chevron': False, 'handle_count': 1, 'body_height': 160, 'stored': None}

== Calendar resize persists ==
  [PASS] title click does not collapse calendar - before=160.0 after=160.0
  [PASS] dragging handle expands calendar - {'height': 240, 'stored': 240, 'aria_now': 240}
  [PASS] calendar resize persists to localStorage - {'height': 240, 'stored': 240, 'aria_now': 240}
  [PASS] resized calendar height survives reload - {'height': 240, 'stored': 240}

== Calendar wide viewport default ==
  [PASS] calendar starts expanded on wide viewport - {'has_collapsed': False, 'stored': None}
  [PASS] default height does not persist by itself - {'has_collapsed': False, 'stored': None}

== Calendar current-row scroll (Sprint 03 Lane 2) ==
  [PASS] calendar has a happening/upcoming row - {'ok': True, 'state': 'happening', 'text': 'Sun8:00 AM · MorningCoffee, cleanup, map feedback board#pavilion - AOP Pavilion / G-CentralLIVE', 'scroll_top': 618, 'target_top': 385.328125, 'target_bottom': 463.765625, 'body_top': 252, 'body_bottom': 596.390625, 'inside': True}
  [PASS] current calendar row is scrolled into the visible pane - {'ok': True, 'state': 'happening', 'text': 'Sun8:00 AM · MorningCoffee, cleanup, map feedback board#pavilion - AOP Pavilion / G-CentralLIVE', 'scroll_top': 618, 'target_top': 385.328125, 'target_bottom': 463.765625, 'body_top': 252, 'body_bottom': 596.390625, 'inside': True}
  [PASS] calendar scroll moved down for a late-list Sunday fixture - {'ok': True, 'state': 'happening', 'text': 'Sun8:00 AM · MorningCoffee, cleanup, map feedback board#pavilion - AOP Pavilion / G-CentralLIVE', 'scroll_top': 618, 'target_top': 385.328125, 'target_bottom': 463.765625, 'body_top': 252, 'body_bottom': 596.390625, 'inside': True}
  [PASS] manual-scroll fixture set up (tick fn callable, row has safe scroll runway) - {'ok': True, 'initial_scroll': 618, 'scroll_up_budget': 133, 'scroll_down_budget': 132, 'delta_applied': 8, 'manual_scroll': 626, 'tick_scroll': 626, 'tick_delta': 0, 'row_fully_visible': True}
  [PASS] manual scroll moved the pane off its initial position - {'ok': True, 'initial_scroll': 618, 'scroll_up_budget': 133, 'scroll_down_budget': 132, 'delta_applied': 8, 'manual_scroll': 626, 'tick_scroll': 626, 'tick_delta': 0, 'row_fully_visible': True}
  [PASS] active row stayed fully visible after manual scroll (within safe range) - {'ok': True, 'initial_scroll': 618, 'scroll_up_budget': 133, 'scroll_down_budget': 132, 'delta_applied': 8, 'manual_scroll': 626, 'tick_scroll': 626, 'tick_delta': 0, 'row_fully_visible': True}
  [PASS] 60s tick did NOT yank scroll back (block:'nearest' is a no-op when row is fully visible) - {'ok': True, 'initial_scroll': 618, 'scroll_up_budget': 133, 'scroll_down_budget': 132, 'delta_applied': 8, 'manual_scroll': 626, 'tick_scroll': 626, 'tick_delta': 0, 'row_fully_visible': True}

== Calendar state machine: Monday morning State A (pre-event) ==
  [PASS] Monday-morning calendar state is 'pre' - {'calendar_state': 'pre', 'banner_hidden': False, 'banner_value': '4D 9H', 'row_states': {'future': 13}, 'row_count': 13}
  [PASS] gates-open banner is visible in pre-event state - {'calendar_state': 'pre', 'banner_hidden': False, 'banner_value': '4D 9H', 'row_states': {'future': 13}, 'row_count': 13}
  [PASS] banner reads '4D 9H' for the Mon 08:00 fixture - {'calendar_state': 'pre', 'banner_hidden': False, 'banner_value': '4D 9H', 'row_states': {'future': 13}, 'row_count': 13}
  [PASS] no row carries 'past' state in pre (event anchor) - {'calendar_state': 'pre', 'banner_hidden': False, 'banner_value': '4D 9H', 'row_states': {'future': 13}, 'row_count': 13}
  [PASS] no row carries 'happening' in pre (no live session) - {'calendar_state': 'pre', 'banner_hidden': False, 'banner_value': '4D 9H', 'row_states': {'future': 13}, 'row_count': 13}
  [PASS] no row carries 'upcoming_next' in pre (banner is the signal) - {'calendar_state': 'pre', 'banner_hidden': False, 'banner_value': '4D 9H', 'row_states': {'future': 13}, 'row_count': 13}
  [PASS] all rows are 'future' in pre - {'calendar_state': 'pre', 'banner_hidden': False, 'banner_value': '4D 9H', 'row_states': {'future': 13}, 'row_count': 13}

== Calendar state machine: Sunday evening State C (post-event) ==
  [PASS] Sunday-evening calendar state is 'post' - {'calendar_state': 'post', 'banner_hidden': True, 'row_states': {'past': 13}, 'row_count': 13}
  [PASS] gates-open banner is hidden in post state - {'calendar_state': 'post', 'banner_hidden': True, 'row_states': {'past': 13}, 'row_count': 13}
  [PASS] every row is 'past' in post (event weekend over) - {'calendar_state': 'post', 'banner_hidden': True, 'row_states': {'past': 13}, 'row_count': 13}

== Right-panel collapse controls (Sprint 03 Lane 3) ==
  [FAIL] expanded panel uses down chevron - {'panel_expanded_icon': '▸', 'expanded_section_icon': '▾', 'expanded_section_aria': 'true', 'collapsed_section_icons': ['▸', '▸', '▸', '▸', '▸', '▸', '▸'], 'collapsed_layer_icons': ['▸', '▸', '▸', '▸', '▸', '▸', '▸', '▸', '▸', '▸', '▸', '▸', '▸', '▸', '▸', '▸', '▸', '▸', '▸', '▸', '▸', '▸', '▸', '▸', '▸', '▸', '▸'], 'styled': [{'text': '▸', 'border_style': 'solid', 'border_width': '1px', 'background': 'rgb(255, 248, 232)', 'width': '28px', 'height': '24px'}, {'text': '▾', 'border_style': 'solid', 'border_width': '1px', 'background': 'rgb(255, 248, 232)', 'width': '28px', 'height': '24px'}, {'text': '▸', 'border_style': 'solid', 'border_width': '1px', 'background': 'rgb(255, 248, 232)', 'width': '28px', 'height': '24px'}]}
  [PASS] expanded section uses down chevron - {'panel_expanded_icon': '▸', 'expanded_section_icon': '▾', 'expanded_section_aria': 'true', 'collapsed_section_icons': ['▸', '▸', '▸', '▸', '▸', '▸', '▸'], 'collapsed_layer_icons': ['▸', '▸', '▸', '▸', '▸', '▸', '▸', '▸', '▸', '▸', '▸', '▸', '▸', '▸', '▸', '▸', '▸', '▸', '▸', '▸', '▸', '▸', '▸', '▸', '▸', '▸', '▸'], 'styled': [{'text': '▸', 'border_style': 'solid', 'border_width': '1px', 'background': 'rgb(255, 248, 232)', 'width': '28px', 'height': '24px'}, {'text': '▾', 'border_style': 'solid', 'border_width': '1px', 'background': 'rgb(255, 248, 232)', 'width': '28px', 'height': '24px'}, {'text': '▸', 'border_style': 'solid', 'border_width': '1px', 'background': 'rgb(255, 248, 232)', 'width': '28px', 'height': '24px'}]}
  [PASS] collapsed sections use right chevron - {'panel_expanded_icon': '▸', 'expanded_section_icon': '▾', 'expanded_section_aria': 'true', 'collapsed_section_icons': ['▸', '▸', '▸', '▸', '▸', '▸', '▸'], 'collapsed_layer_icons': ['▸', '▸', '▸', '▸', '▸', '▸', '▸', '▸', '▸', '▸', '▸', '▸', '▸', '▸', '▸', '▸', '▸', '▸', '▸', '▸', '▸', '▸', '▸', '▸', '▸', '▸', '▸'], 'styled': [{'text': '▸', 'border_style': 'solid', 'border_width': '1px', 'background': 'rgb(255, 248, 232)', 'width': '28px', 'height': '24px'}, {'text': '▾', 'border_style': 'solid', 'border_width': '1px', 'background': 'rgb(255, 248, 232)', 'width': '28px', 'height': '24px'}, {'text': '▸', 'border_style': 'solid', 'border_width': '1px', 'background': 'rgb(255, 248, 232)', 'width': '28px', 'height': '24px'}]}
  [PASS] collapsed layer drawers use right chevron - {'panel_expanded_icon': '▸', 'expanded_section_icon': '▾', 'expanded_section_aria': 'true', 'collapsed_section_icons': ['▸', '▸', '▸', '▸', '▸', '▸', '▸'], 'collapsed_layer_icons': ['▸', '▸', '▸', '▸', '▸', '▸', '▸', '▸', '▸', '▸', '▸', '▸', '▸', '▸', '▸', '▸', '▸', '▸', '▸', '▸', '▸', '▸', '▸', '▸', '▸', '▸', '▸'], 'styled': [{'text': '▸', 'border_style': 'solid', 'border_width': '1px', 'background': 'rgb(255, 248, 232)', 'width': '28px', 'height': '24px'}, {'text': '▾', 'border_style': 'solid', 'border_width': '1px', 'background': 'rgb(255, 248, 232)', 'width': '28px', 'height': '24px'}, {'text': '▸', 'border_style': 'solid', 'border_width': '1px', 'background': 'rgb(255, 248, 232)', 'width': '28px', 'height': '24px'}]}
  [PASS] sample collapse buttons have visible bordered treatment - {'panel_expanded_icon': '▸', 'expanded_section_icon': '▾', 'expanded_section_aria': 'true', 'collapsed_section_icons': ['▸', '▸', '▸', '▸', '▸', '▸', '▸'], 'collapsed_layer_icons': ['▸', '▸', '▸', '▸', '▸', '▸', '▸', '▸', '▸', '▸', '▸', '▸', '▸', '▸', '▸', '▸', '▸', '▸', '▸', '▸', '▸', '▸', '▸', '▸', '▸', '▸', '▸'], 'styled': [{'text': '▸', 'border_style': 'solid', 'border_width': '1px', 'background': 'rgb(255, 248, 232)', 'width': '28px', 'height': '24px'}, {'text': '▾', 'border_style': 'solid', 'border_width': '1px', 'background': 'rgb(255, 248, 232)', 'width': '28px', 'height': '24px'}, {'text': '▸', 'border_style': 'solid', 'border_width': '1px', 'background': 'rgb(255, 248, 232)', 'width': '28px', 'height': '24px'}]}

== Tag-driven location resolution (Bucket D) ==
  [PASS] 1010 Ellis Cove Rd building present in buildings geojson - [-85.74825123650001, 35.090726358249995]
  [PASS] aop_feature_tags_v1 has a #pavilion binding under editorPois - {'stored': {'editorPois': {'aop_seed_pavilion': '#pavilion'}}}
  [PASS] aop_feature_tags_v1 does NOT carry a #pavilion binding under buildings - None
  [PASS] tagToFeature has #pavilion → editorPois binding - {'bound': {'layerKey': 'editorPois', 'featureId': 'aop_seed_pavilion', 'coordinates': [-85.7482512, 35.0907264]}, 'location': {'tag': '#pavilion', 'coordinates': [-85.7482512, 35.0907264], 'bound_feature': None}}
  [PASS] #pavilion location resolved to seeded POI coords - {'bound': {'layerKey': 'editorPois', 'featureId': 'aop_seed_pavilion', 'coordinates': [-85.7482512, 35.0907264]}, 'location': {'tag': '#pavilion', 'coordinates': [-85.7482512, 35.0907264], 'bound_feature': None}}
  [PASS] seeded pavilion POI sits at the 1010 building centroid - loc=[-85.7482512, 35.0907264] building=[-85.74825123650001, 35.090726358249995] dist=7.825001802075349e-08
  [FAIL] pavilion row flies camera near the 1010 building (within ~0.0005°) - camera=[-85.74825120000003, 35.09005920903496] building=[-85.74825123650001, 35.090726358249995] dist=0.0006671857150166716
  [PASS] pavilion popup shows location label - Driver meeting + map review
Date: Friday
Time: 6:30 PM · Evening
Location: AOP Pavilion / G-Central
Tag: #pavilion
Status: proposed
Inspired by: Pro-Line By The Fire welcome party / driver meeting, AxialFest Base Camp map review
Caveat: FEMA footprint remains raw context; facility use should be confirmed by AOP.
×
  [PASS] buildings drawer renders rows - 5 rows
  [FAIL] building row accordion exposes a #tag input - {'ok': False, 'value': None}
  [PASS] no building row carries the #pavilion binding (moved to seeded POI) - #pavilion bound to editorPois
  [PASS] there is a building row available for the live re-resolve test - no building rows found
  [PASS] live re-bind: tagToFeature points at the new building row - {'location_coords': [-85.7482512, 35.0907264], 'bound_layer': 'buildings', 'bound_feature': '3396032'}
  [PASS] live re-bind: restore puts #pavilion back on the seeded POI - {'layer': 'editorPois', 'featureId': 'aop_seed_pavilion'}
  [PASS] search for #pavilion surfaces the pavilion anchor - AOP Pavilion / G-Central
event location

== Hot control: Event lane state=hot-now (live) ==
  [PASS] hot button is present - {'present': True, 'hidden': False, 'status': 'Event live', 'event': {'hidden': False, 'disabled': False, 'state': 'hot-now', 'selected': 'true', 'targetSessionId': 'sat-proving-grounds', 'title': 'Live event', 'detail': 'Proving Grounds / comp gates · 1h 15m left', 'glyph': ''}, 'trails': {'hidden': False, 'disabled': False, 'state': 'trail-hot', 'selected': 'false', 'targetSessionId': '', 'title': 'Trail activity', 'detail': 'Where rigs spent time', 'glyph': '❖'}, 'state': 'hot-now', 'targetSessionId': 'sat-proving-grounds', 'title': 'Live event', 'detail': 'Proving Grounds / comp gates · 1h 15m left', 'glyph': ''}
  [PASS] hot button is visible - {'present': True, 'hidden': False, 'status': 'Event live', 'event': {'hidden': False, 'disabled': False, 'state': 'hot-now', 'selected': 'true', 'targetSessionId': 'sat-proving-grounds', 'title': 'Live event', 'detail': 'Proving Grounds / comp gates · 1h 15m left', 'glyph': ''}, 'trails': {'hidden': False, 'disabled': False, 'state': 'trail-hot', 'selected': 'false', 'targetSessionId': '', 'title': 'Trail activity', 'detail': 'Where rigs spent time', 'glyph': '❖'}, 'state': 'hot-now', 'targetSessionId': 'sat-proving-grounds', 'title': 'Live event', 'detail': 'Proving Grounds / comp gates · 1h 15m left', 'glyph': ''}
  [PASS] hot-now state on live fixture - {'present': True, 'hidden': False, 'status': 'Event live', 'event': {'hidden': False, 'disabled': False, 'state': 'hot-now', 'selected': 'true', 'targetSessionId': 'sat-proving-grounds', 'title': 'Live event', 'detail': 'Proving Grounds / comp gates · 1h 15m left', 'glyph': ''}, 'trails': {'hidden': False, 'disabled': False, 'state': 'trail-hot', 'selected': 'false', 'targetSessionId': '', 'title': 'Trail activity', 'detail': 'Where rigs spent time', 'glyph': '❖'}, 'state': 'hot-now', 'targetSessionId': 'sat-proving-grounds', 'title': 'Live event', 'detail': 'Proving Grounds / comp gates · 1h 15m left', 'glyph': ''}
  [PASS] targets sat-proving-grounds - {'present': True, 'hidden': False, 'status': 'Event live', 'event': {'hidden': False, 'disabled': False, 'state': 'hot-now', 'selected': 'true', 'targetSessionId': 'sat-proving-grounds', 'title': 'Live event', 'detail': 'Proving Grounds / comp gates · 1h 15m left', 'glyph': ''}, 'trails': {'hidden': False, 'disabled': False, 'state': 'trail-hot', 'selected': 'false', 'targetSessionId': '', 'title': 'Trail activity', 'detail': 'Where rigs spent time', 'glyph': '❖'}, 'state': 'hot-now', 'targetSessionId': 'sat-proving-grounds', 'title': 'Live event', 'detail': 'Proving Grounds / comp gates · 1h 15m left', 'glyph': ''}
  [PASS] event lane selected for live fixture - {'present': True, 'hidden': False, 'status': 'Event live', 'event': {'hidden': False, 'disabled': False, 'state': 'hot-now', 'selected': 'true', 'targetSessionId': 'sat-proving-grounds', 'title': 'Live event', 'detail': 'Proving Grounds / comp gates · 1h 15m left', 'glyph': ''}, 'trails': {'hidden': False, 'disabled': False, 'state': 'trail-hot', 'selected': 'false', 'targetSessionId': '', 'title': 'Trail activity', 'detail': 'Where rigs spent time', 'glyph': '❖'}, 'state': 'hot-now', 'targetSessionId': 'sat-proving-grounds', 'title': 'Live event', 'detail': 'Proving Grounds / comp gates · 1h 15m left', 'glyph': ''}
  [PASS] trail lane is available alongside live event - {'present': True, 'hidden': False, 'status': 'Event live', 'event': {'hidden': False, 'disabled': False, 'state': 'hot-now', 'selected': 'true', 'targetSessionId': 'sat-proving-grounds', 'title': 'Live event', 'detail': 'Proving Grounds / comp gates · 1h 15m left', 'glyph': ''}, 'trails': {'hidden': False, 'disabled': False, 'state': 'trail-hot', 'selected': 'false', 'targetSessionId': '', 'title': 'Trail activity', 'detail': 'Where rigs spent time', 'glyph': '❖'}, 'state': 'hot-now', 'targetSessionId': 'sat-proving-grounds', 'title': 'Live event', 'detail': 'Proving Grounds / comp gates · 1h 15m left', 'glyph': ''}
  [PASS] title reads Live event - {'present': True, 'hidden': False, 'status': 'Event live', 'event': {'hidden': False, 'disabled': False, 'state': 'hot-now', 'selected': 'true', 'targetSessionId': 'sat-proving-grounds', 'title': 'Live event', 'detail': 'Proving Grounds / comp gates · 1h 15m left', 'glyph': ''}, 'trails': {'hidden': False, 'disabled': False, 'state': 'trail-hot', 'selected': 'false', 'targetSessionId': '', 'title': 'Trail activity', 'detail': 'Where rigs spent time', 'glyph': '❖'}, 'state': 'hot-now', 'targetSessionId': 'sat-proving-grounds', 'title': 'Live event', 'detail': 'Proving Grounds / comp gates · 1h 15m left', 'glyph': ''}
  [PASS] detail mentions session title - {'present': True, 'hidden': False, 'status': 'Event live', 'event': {'hidden': False, 'disabled': False, 'state': 'hot-now', 'selected': 'true', 'targetSessionId': 'sat-proving-grounds', 'title': 'Live event', 'detail': 'Proving Grounds / comp gates · 1h 15m left', 'glyph': ''}, 'trails': {'hidden': False, 'disabled': False, 'state': 'trail-hot', 'selected': 'false', 'targetSessionId': '', 'title': 'Trail activity', 'detail': 'Where rigs spent time', 'glyph': '❖'}, 'state': 'hot-now', 'targetSessionId': 'sat-proving-grounds', 'title': 'Live event', 'detail': 'Proving Grounds / comp gates · 1h 15m left', 'glyph': ''}
  [FAIL] hot-now click flies the camera near #proving-grounds - camera=[-85.74561938, 35.08655583037479] target=[-85.74561938, 35.08722305]
  [PASS] hot-now click opens the session popup - Proving Grounds / comp gates
Date: Saturday
Time: 1:30 PM · Afternoon
Location: Proving Grounds candidate
Tag: #proving-grounds
Status: proposed
Inspired by: Pro-Line By The Fire Proving Grounds, Pro-Line By The Fire Comp Crawl, Comp-class gate courses
Caveat: Potential staging / operations reference only until AOP confirms use.
×

== Hot control: Event lane state=hot-now (imminent, <=30 min) ==
  [PASS] hot-now state on imminent fixture - {'present': True, 'hidden': False, 'status': 'Event soon', 'event': {'hidden': False, 'disabled': False, 'state': 'hot-now', 'selected': 'true', 'targetSessionId': 'sat-proving-grounds', 'title': 'Starting soon', 'detail': 'Proving Grounds / comp gates · in 15m', 'glyph': ''}, 'trails': {'hidden': False, 'disabled': False, 'state': 'trail-hot', 'selected': 'false', 'targetSessionId': '', 'title': 'Trail activity', 'detail': 'Where rigs spent time', 'glyph': '❖'}, 'state': 'hot-now', 'targetSessionId': 'sat-proving-grounds', 'title': 'Starting soon', 'detail': 'Proving Grounds / comp gates · in 15m', 'glyph': ''}
  [PASS] targets sat-proving-grounds - {'present': True, 'hidden': False, 'status': 'Event soon', 'event': {'hidden': False, 'disabled': False, 'state': 'hot-now', 'selected': 'true', 'targetSessionId': 'sat-proving-grounds', 'title': 'Starting soon', 'detail': 'Proving Grounds / comp gates · in 15m', 'glyph': ''}, 'trails': {'hidden': False, 'disabled': False, 'state': 'trail-hot', 'selected': 'false', 'targetSessionId': '', 'title': 'Trail activity', 'detail': 'Where rigs spent time', 'glyph': '❖'}, 'state': 'hot-now', 'targetSessionId': 'sat-proving-grounds', 'title': 'Starting soon', 'detail': 'Proving Grounds / comp gates · in 15m', 'glyph': ''}
  [PASS] title reads starting soon - {'present': True, 'hidden': False, 'status': 'Event soon', 'event': {'hidden': False, 'disabled': False, 'state': 'hot-now', 'selected': 'true', 'targetSessionId': 'sat-proving-grounds', 'title': 'Starting soon', 'detail': 'Proving Grounds / comp gates · in 15m', 'glyph': ''}, 'trails': {'hidden': False, 'disabled': False, 'state': 'trail-hot', 'selected': 'false', 'targetSessionId': '', 'title': 'Trail activity', 'detail': 'Where rigs spent time', 'glyph': '❖'}, 'state': 'hot-now', 'targetSessionId': 'sat-proving-grounds', 'title': 'Starting soon', 'detail': 'Proving Grounds / comp gates · in 15m', 'glyph': ''}
  [PASS] event lane selected for imminent fixture - {'present': True, 'hidden': False, 'status': 'Event soon', 'event': {'hidden': False, 'disabled': False, 'state': 'hot-now', 'selected': 'true', 'targetSessionId': 'sat-proving-grounds', 'title': 'Starting soon', 'detail': 'Proving Grounds / comp gates · in 15m', 'glyph': ''}, 'trails': {'hidden': False, 'disabled': False, 'state': 'trail-hot', 'selected': 'false', 'targetSessionId': '', 'title': 'Trail activity', 'detail': 'Where rigs spent time', 'glyph': '❖'}, 'state': 'hot-now', 'targetSessionId': 'sat-proving-grounds', 'title': 'Starting soon', 'detail': 'Proving Grounds / comp gates · in 15m', 'glyph': ''}

== Hot control: Event lane state=coming-up (same-day, >30 min) ==
  [PASS] event lane stays in coming-up state when no session is imminent - {'present': True, 'hidden': False, 'status': 'Trail activity', 'event': {'hidden': False, 'disabled': False, 'state': 'coming-up', 'selected': 'false', 'targetSessionId': 'sat-night-crawl', 'title': 'Next event', 'detail': 'Saturday 8:30 PM · Night · in 45m', 'glyph': '◷'}, 'trails': {'hidden': False, 'disabled': False, 'state': 'trail-hot', 'selected': 'false', 'targetSessionId': '', 'title': 'Trail activity', 'detail': 'Where rigs spent time', 'glyph': '❖'}, 'state': 'coming-up', 'targetSessionId': 'sat-night-crawl', 'title': 'Next event', 'detail': 'Saturday 8:30 PM · Night · in 45m', 'glyph': '◷'}
  [PASS] targets sat-night-crawl - {'present': True, 'hidden': False, 'status': 'Trail activity', 'event': {'hidden': False, 'disabled': False, 'state': 'coming-up', 'selected': 'false', 'targetSessionId': 'sat-night-crawl', 'title': 'Next event', 'detail': 'Saturday 8:30 PM · Night · in 45m', 'glyph': '◷'}, 'trails': {'hidden': False, 'disabled': False, 'state': 'trail-hot', 'selected': 'false', 'targetSessionId': '', 'title': 'Trail activity', 'detail': 'Where rigs spent time', 'glyph': '❖'}, 'state': 'coming-up', 'targetSessionId': 'sat-night-crawl', 'title': 'Next event', 'detail': 'Saturday 8:30 PM · Night · in 45m', 'glyph': '◷'}
  [PASS] title reads Next event - {'present': True, 'hidden': False, 'status': 'Trail activity', 'event': {'hidden': False, 'disabled': False, 'state': 'coming-up', 'selected': 'false', 'targetSessionId': 'sat-night-crawl', 'title': 'Next event', 'detail': 'Saturday 8:30 PM · Night · in 45m', 'glyph': '◷'}, 'trails': {'hidden': False, 'disabled': False, 'state': 'trail-hot', 'selected': 'false', 'targetSessionId': '', 'title': 'Trail activity', 'detail': 'Where rigs spent time', 'glyph': '❖'}, 'state': 'coming-up', 'targetSessionId': 'sat-night-crawl', 'title': 'Next event', 'detail': 'Saturday 8:30 PM · Night · in 45m', 'glyph': '◷'}
  [PASS] detail mentions countdown - {'present': True, 'hidden': False, 'status': 'Trail activity', 'event': {'hidden': False, 'disabled': False, 'state': 'coming-up', 'selected': 'false', 'targetSessionId': 'sat-night-crawl', 'title': 'Next event', 'detail': 'Saturday 8:30 PM · Night · in 45m', 'glyph': '◷'}, 'trails': {'hidden': False, 'disabled': False, 'state': 'trail-hot', 'selected': 'false', 'targetSessionId': '', 'title': 'Trail activity', 'detail': 'Where rigs spent time', 'glyph': '❖'}, 'state': 'coming-up', 'targetSessionId': 'sat-night-crawl', 'title': 'Next event', 'detail': 'Saturday 8:30 PM · Night · in 45m', 'glyph': '◷'}
  [FAIL] trail lane selected by default when event is future - {'present': True, 'hidden': False, 'status': 'Trail activity', 'event': {'hidden': False, 'disabled': False, 'state': 'coming-up', 'selected': 'false', 'targetSessionId': 'sat-night-crawl', 'title': 'Next event', 'detail': 'Saturday 8:30 PM · Night · in 45m', 'glyph': '◷'}, 'trails': {'hidden': False, 'disabled': False, 'state': 'trail-hot', 'selected': 'false', 'targetSessionId': '', 'title': 'Trail activity', 'detail': 'Where rigs spent time', 'glyph': '❖'}, 'state': 'coming-up', 'targetSessionId': 'sat-night-crawl', 'title': 'Next event', 'detail': 'Saturday 8:30 PM · Night · in 45m', 'glyph': '◷'}
  [PASS] trail lane click turns activity-hotspots toggle on while schedule exists - before=False after=True
  [PASS] trail lane click makes activity-hotspots visible while schedule exists - visibility=visible
  [PASS] trail lane remains selected after trail click - {'present': True, 'hidden': False, 'status': 'Trail activity', 'event': {'hidden': False, 'disabled': False, 'state': 'coming-up', 'selected': 'false', 'targetSessionId': 'sat-night-crawl', 'title': 'Next event', 'detail': 'Saturday 8:30 PM · Night · in 45m', 'glyph': '◷'}, 'trails': {'hidden': False, 'disabled': False, 'state': 'trail-hot', 'selected': 'true', 'targetSessionId': '', 'title': 'Trail activity on', 'detail': 'Tap to hide hotspots', 'glyph': '✓'}, 'state': 'coming-up', 'targetSessionId': 'sat-night-crawl', 'title': 'Next event', 'detail': 'Saturday 8:30 PM · Night · in 45m', 'glyph': '◷'}

== Hot control: Event lane coming-up across days (Mon fixture) ==
  [PASS] event lane coming-up state on Monday fixture - {'present': True, 'hidden': False, 'status': 'Trail activity', 'event': {'hidden': False, 'disabled': False, 'state': 'coming-up', 'selected': 'false', 'targetSessionId': 'fri-registration', 'title': 'Next event', 'detail': 'Friday 5:00 PM · Evening · in 4d 5h', 'glyph': '◷'}, 'trails': {'hidden': False, 'disabled': False, 'state': 'trail-hot', 'selected': 'false', 'targetSessionId': '', 'title': 'Trail activity', 'detail': 'Where rigs spent time', 'glyph': '❖'}, 'state': 'coming-up', 'targetSessionId': 'fri-registration', 'title': 'Next event', 'detail': 'Friday 5:00 PM · Evening · in 4d 5h', 'glyph': '◷'}
  [PASS] Monday fixture targets first weekend session (fri-registration) - {'present': True, 'hidden': False, 'status': 'Trail activity', 'event': {'hidden': False, 'disabled': False, 'state': 'coming-up', 'selected': 'false', 'targetSessionId': 'fri-registration', 'title': 'Next event', 'detail': 'Friday 5:00 PM · Evening · in 4d 5h', 'glyph': '◷'}, 'trails': {'hidden': False, 'disabled': False, 'state': 'trail-hot', 'selected': 'false', 'targetSessionId': '', 'title': 'Trail activity', 'detail': 'Where rigs spent time', 'glyph': '❖'}, 'state': 'coming-up', 'targetSessionId': 'fri-registration', 'title': 'Next event', 'detail': 'Friday 5:00 PM · Evening · in 4d 5h', 'glyph': '◷'}
  [FAIL] trail lane selected on Monday when no event is imminent - {'present': True, 'hidden': False, 'status': 'Trail activity', 'event': {'hidden': False, 'disabled': False, 'state': 'coming-up', 'selected': 'false', 'targetSessionId': 'fri-registration', 'title': 'Next event', 'detail': 'Friday 5:00 PM · Evening · in 4d 5h', 'glyph': '◷'}, 'trails': {'hidden': False, 'disabled': False, 'state': 'trail-hot', 'selected': 'false', 'targetSessionId': '', 'title': 'Trail activity', 'detail': 'Where rigs spent time', 'glyph': '❖'}, 'state': 'coming-up', 'targetSessionId': 'fri-registration', 'title': 'Next event', 'detail': 'Friday 5:00 PM · Evening · in 4d 5h', 'glyph': '◷'}
  [PASS] coming-up click opens the upcoming session popup - Registration + wristband check
Date: Friday
Time: 5:00 PM · Evening
Location: AOP Pavilion / G-Central
Tag: #pavilion
Status: proposed
Inspired by: Pro-Line By The Fire check-in, RG6 driver check-in / registration, AxialFest Base Camp registration
Caveat: FEMA footprint remains raw context; facility use should be confirmed by AOP.
×

== Hot control: Trails lane when schedule is empty ==
  [PASS] event lane has no-event state when schedule is empty - {'present': True, 'hidden': False, 'status': 'Trail activity', 'event': {'hidden': False, 'disabled': True, 'state': 'no-event', 'selected': 'false', 'targetSessionId': '', 'title': 'No event', 'detail': 'Trail activity available', 'glyph': '◷'}, 'trails': {'hidden': False, 'disabled': False, 'state': 'trail-hot', 'selected': 'false', 'targetSessionId': '', 'title': 'Trail activity', 'detail': 'Where rigs spent time', 'glyph': '❖'}, 'state': 'no-event', 'targetSessionId': '', 'title': 'No event', 'detail': 'Trail activity available', 'glyph': '◷'}
  [PASS] event lane disabled when schedule is empty - {'present': True, 'hidden': False, 'status': 'Trail activity', 'event': {'hidden': False, 'disabled': True, 'state': 'no-event', 'selected': 'false', 'targetSessionId': '', 'title': 'No event', 'detail': 'Trail activity available', 'glyph': '◷'}, 'trails': {'hidden': False, 'disabled': False, 'state': 'trail-hot', 'selected': 'false', 'targetSessionId': '', 'title': 'Trail activity', 'detail': 'Where rigs spent time', 'glyph': '❖'}, 'state': 'no-event', 'targetSessionId': '', 'title': 'No event', 'detail': 'Trail activity available', 'glyph': '◷'}
  [FAIL] trail lane selected when schedule is empty - {'present': True, 'hidden': False, 'status': 'Trail activity', 'event': {'hidden': False, 'disabled': True, 'state': 'no-event', 'selected': 'false', 'targetSessionId': '', 'title': 'No event', 'detail': 'Trail activity available', 'glyph': '◷'}, 'trails': {'hidden': False, 'disabled': False, 'state': 'trail-hot', 'selected': 'false', 'targetSessionId': '', 'title': 'Trail activity', 'detail': 'Where rigs spent time', 'glyph': '❖'}, 'state': 'no-event', 'targetSessionId': '', 'title': 'No event', 'detail': 'Trail activity available', 'glyph': '◷'}
  [PASS] trail title reads Trail activity - {'present': True, 'hidden': False, 'status': 'Trail activity', 'event': {'hidden': False, 'disabled': True, 'state': 'no-event', 'selected': 'false', 'targetSessionId': '', 'title': 'No event', 'detail': 'Trail activity available', 'glyph': '◷'}, 'trails': {'hidden': False, 'disabled': False, 'state': 'trail-hot', 'selected': 'false', 'targetSessionId': '', 'title': 'Trail activity', 'detail': 'Where rigs spent time', 'glyph': '❖'}, 'state': 'no-event', 'targetSessionId': '', 'title': 'No event', 'detail': 'Trail activity available', 'glyph': '◷'}
  [PASS] no session target in empty-schedule state - {'present': True, 'hidden': False, 'status': 'Trail activity', 'event': {'hidden': False, 'disabled': True, 'state': 'no-event', 'selected': 'false', 'targetSessionId': '', 'title': 'No event', 'detail': 'Trail activity available', 'glyph': '◷'}, 'trails': {'hidden': False, 'disabled': False, 'state': 'trail-hot', 'selected': 'false', 'targetSessionId': '', 'title': 'Trail activity', 'detail': 'Where rigs spent time', 'glyph': '❖'}, 'state': 'no-event', 'targetSessionId': '', 'title': 'No event', 'detail': 'Trail activity available', 'glyph': '◷'}
  [PASS] empty-schedule Trails click turns activity-hotspots toggle on - before=False after=True
  [PASS] activity-hotspots layer becomes visible after fallback click - visibility=visible
  [PASS] fallback click zooms tight to the cluster (z >= 15) - zoom=16.2
  [PASS] fallback click centers on the rank-1 cluster, not the corridor - center=(-85.747777, 35.090164)

== Console summary ==
  [PASS] no console errors - 0 error(s): []

Screenshots:
  - /Users/christopherfryman/Documents/code/AOP MAP/brain/output/playwright_event_schedule_initial.png
  - /Users/christopherfryman/Documents/code/AOP MAP/brain/output/playwright_event_schedule_jump.png
  - /Users/christopherfryman/Documents/code/AOP MAP/brain/output/playwright_event_schedule_off.png
  - /Users/christopherfryman/Documents/code/AOP MAP/brain/output/playwright_event_schedule_jump_narrow.png
  - /Users/christopherfryman/Documents/code/AOP MAP/brain/output/playwright_event_schedule_calendar_narrow_default.png
  - /Users/christopherfryman/Documents/code/AOP MAP/brain/output/playwright_event_schedule_search_icon.png

RESULT: FAIL
